{
 "wer_delta_pp": -0.02049810392538709,
 "wer_delta_ci95_pp": {
  "lo": -0.051996672212978365,
  "hi": 0.0,
  "point": -0.020498103925386903,
  "n_boot": 2000,
  "seed": 1234
 },
 "mlperf_gate": {
  "passed": true,
  "ratio": 1.0002162629757785,
  "floor": 0.99,
  "candidate": 0.9480373065491442,
  "reference": 0.9478323255098904,
  "rule": "MLPerf Inference closed division: >=99% of reference accuracy",
  "relative_error_increase": -0.0039292730844794075,
  "error_rates": {
   "candidate": 0.051962693450855794,
   "reference": 0.052167674490109665
  }
 }
}
