# siglip  model=google/siglip-base-patch16-224 attempt-only (no siglip exporter config in optimum-neuron 0.4.3; expected structured exclusion)
The `ExportConfig` class is deprecated and will be removed in a future version. Please use `ExporterConfig` instead.
The `ExportConfig` class is deprecated and will be removed in a future version. Please use `ExporterConfig` instead.
/opt/aws_neuronx_venv_pytorch_2_9/lib/python3.12/site-packages/neuronx_distributed/modules/moe/blockwise.py:100: DeprecationWarning: torch_neuronx.nki_jit is deprecated, use nki.jit instead.
  component, error = import_nki(config)
/opt/aws_neuronx_venv_pytorch_2_9/lib/python3.12/site-packages/neuronx_distributed/modules/moe/blockwise.py:102: UserWarning: Warning: Failed to import blockwise_mm_baseline_shard_hidden: No module named 'neuronxcc.nki._private.blockwise_mm'
  warnings.warn(f"Warning: {error}")
/opt/aws_neuronx_venv_pytorch_2_9/lib/python3.12/site-packages/neuronx_distributed/modules/moe/blockwise.py:102: UserWarning: Warning: Failed to import blockwise_mm_bwd: No module named 'neuronxcc.nki._private.blockwise_mm_bwd'
  warnings.warn(f"Warning: {error}")
/opt/aws_neuronx_venv_pytorch_2_9/lib/python3.12/site-packages/neuronx_distributed/modules/moe/blockwise.py:102: UserWarning: Warning: Failed to import blockwise_mm_bwd_baseline_shard_hidden: No module named 'neuronxcc.nki._private.blockwise_mm_bwd'
  warnings.warn(f"Warning: {error}")
The `ExportConfig` class is deprecated and will be removed in a future version. Please use `ExporterConfig` instead.
The `ExportConfig` class is deprecated and will be removed in a future version. Please use `ExporterConfig` instead.
The `ExportConfig` class is deprecated and will be removed in a future version. Please use `ExporterConfig` instead.
The `ExportConfig` class is deprecated and will be removed in a future version. Please use `ExporterConfig` instead.
The `ExportConfig` class is deprecated and will be removed in a future version. Please use `ExporterConfig` instead.
The `ExportConfig` class is deprecated and will be removed in a future version. Please use `ExporterConfig` instead.
The `ExportConfig` class is deprecated and will be removed in a future version. Please use `ExporterConfig` instead.
The `ExportConfig` class is deprecated and will be removed in a future version. Please use `ExporterConfig` instead.
The `ExportConfig` class is deprecated and will be removed in a future version. Please use `ExporterConfig` instead.
The `ExportConfig` class is deprecated and will be removed in a future version. Please use `ExporterConfig` instead.
The `ExportConfig` class is deprecated and will be removed in a future version. Please use `ExporterConfig` instead.
The `ExportConfig` class is deprecated and will be removed in a future version. Please use `ExporterConfig` instead.
The `ExportConfig` class is deprecated and will be removed in a future version. Please use `ExporterConfig` instead.
The `ExportConfig` class is deprecated and will be removed in a future version. Please use `ExporterConfig` instead.
The `ExportConfig` class is deprecated and will be removed in a future version. Please use `ExporterConfig` instead.
The `ExportConfig` class is deprecated and will be removed in a future version. Please use `ExporterConfig` instead.
The `ExportConfig` class is deprecated and will be removed in a future version. Please use `ExporterConfig` instead.
The `ExportConfig` class is deprecated and will be removed in a future version. Please use `ExporterConfig` instead.
The `ExportConfig` class is deprecated and will be removed in a future version. Please use `ExporterConfig` instead.
The `ExportConfig` class is deprecated and will be removed in a future version. Please use `ExporterConfig` instead.
The `ExportConfig` class is deprecated and will be removed in a future version. Please use `ExporterConfig` instead.
The `ExportConfig` class is deprecated and will be removed in a future version. Please use `ExporterConfig` instead.
The `ExportConfig` class is deprecated and will be removed in a future version. Please use `ExporterConfig` instead.
The `ExportConfig` class is deprecated and will be removed in a future version. Please use `ExporterConfig` instead.
The `ExportConfig` class is deprecated and will be removed in a future version. Please use `ExporterConfig` instead.
The `ExportConfig` class is deprecated and will be removed in a future version. Please use `ExporterConfig` instead.
The `ExportConfig` class is deprecated and will be removed in a future version. Please use `ExporterConfig` instead.
The `ExportConfig` class is deprecated and will be removed in a future version. Please use `ExporterConfig` instead.
The `ExportConfig` class is deprecated and will be removed in a future version. Please use `ExporterConfig` instead.
The `ExportConfig` class is deprecated and will be removed in a future version. Please use `ExporterConfig` instead.
The `ExportConfig` class is deprecated and will be removed in a future version. Please use `ExporterConfig` instead.
The `ExportConfig` class is deprecated and will be removed in a future version. Please use `ExporterConfig` instead.
The `ExportConfig` class is deprecated and will be removed in a future version. Please use `ExporterConfig` instead.
The `ExportConfig` class is deprecated and will be removed in a future version. Please use `ExporterConfig` instead.
The `ExportConfig` class is deprecated and will be removed in a future version. Please use `ExporterConfig` instead.
The `ExportConfig` class is deprecated and will be removed in a future version. Please use `ExporterConfig` instead.
The `ExportConfig` class is deprecated and will be removed in a future version. Please use `ExporterConfig` instead.
The `ExportConfig` class is deprecated and will be removed in a future version. Please use `ExporterConfig` instead.
The `ExportConfig` class is deprecated and will be removed in a future version. Please use `ExporterConfig` instead.
The `ExportConfig` class is deprecated and will be removed in a future version. Please use `ExporterConfig` instead.
The `ExportConfig` class is deprecated and will be removed in a future version. Please use `ExporterConfig` instead.
The `ExportConfig` class is deprecated and will be removed in a future version. Please use `ExporterConfig` instead.
The `ExportConfig` class is deprecated and will be removed in a future version. Please use `ExporterConfig` instead.
The `ExportConfig` class is deprecated and will be removed in a future version. Please use `ExporterConfig` instead.
The `ExportConfig` class is deprecated and will be removed in a future version. Please use `ExporterConfig` instead.
The `ExportConfig` class is deprecated and will be removed in a future version. Please use `ExporterConfig` instead.
The `ExportConfig` class is deprecated and will be removed in a future version. Please use `ExporterConfig` instead.
The `ExportConfig` class is deprecated and will be removed in a future version. Please use `ExporterConfig` instead.
The `ExportConfig` class is deprecated and will be removed in a future version. Please use `ExporterConfig` instead.
The `ExportConfig` class is deprecated and will be removed in a future version. Please use `ExporterConfig` instead.
The `ExportConfig` class is deprecated and will be removed in a future version. Please use `ExporterConfig` instead.
The `ExportConfig` class is deprecated and will be removed in a future version. Please use `ExporterConfig` instead.
The `ExportConfig` class is deprecated and will be removed in a future version. Please use `ExporterConfig` instead.
The `ExportConfig` class is deprecated and will be removed in a future version. Please use `ExporterConfig` instead.
The `ExportConfig` class is deprecated and will be removed in a future version. Please use `ExporterConfig` instead.
The `ExportConfig` class is deprecated and will be removed in a future version. Please use `ExporterConfig` instead.
The `ExportConfig` class is deprecated and will be removed in a future version. Please use `ExporterConfig` instead.
The `ExportConfig` class is deprecated and will be removed in a future version. Please use `ExporterConfig` instead.
The `ExportConfig` class is deprecated and will be removed in a future version. Please use `ExporterConfig` instead.
The `ExportConfig` class is deprecated and will be removed in a future version. Please use `ExporterConfig` instead.
neuronxcc-2.26.6360.0+6f180f47/MODULE_fffb4fdaef3646a78111 not found in aws-neuron/optimum-neuron-cache: 404 Client Error. (Request ID: Root=1-6a6c1fe7-5daf58c2077f777c61f0506d;d4c4f2d4-9582-4da4-8953-35165e389a7b)

Entry Not Found for url: https://huggingface.co/api/models/aws-neuron/optimum-neuron-cache/tree/main/neuronxcc-2.26.6360.0%2B6f180f47%2FMODULE_fffb4fdaef3646a78111?recursive=True&expand=False.
neuronxcc-2.26.6360.0+6f180f47/MODULE_fffb4fdaef3646a78111 does not exist on "main" 
The model will be recompiled.
`torch_dtype` is deprecated! Use `dtype` instead!
export attempt failed as expected: KeyError: "siglip is not supported yet for transformers. Only ['bert', 'albert', 'convbert', 'electra', 'esm', 'flaubert', 'mobilebert', 'modernbert', 'phi', 'roformer', 'xlm', 'distilbert', 'camembert', 'mpnet', 'roberta', 'xlm-roberta', 'deberta', 'deberta-v2', 'clip', 'vit', 'beit', 'convnext', 'convnextv2', 'cvt', 'deit', 'donut-swin', 'dpt', 'levit', 'mobilenet_v2', 'mobilevit', 'swin', 'yolos', 'wav2vec2', 'audio-spectrogram-transformer', 'hubert', 'unispeech', 'unispeech-sat', 'wavlm', 't5-encoder', 't5-decoder', 'whisper-encoder', 'whisper-decoder'] are supported for the library transformers. If you want to support siglip please propose a PR or open up an issue."
exclusion receipt -> /opt/np/repo/trn1/results/extras/siglip.json
