[sft_lora] profile=trn2 (trn2.3xlarge) -- re-exec under torchrun (--nproc_per_node=8, one rank per logical NeuronCore)
[sft_lora] /opt/aws_neuronx_venv_pytorch_2_9/bin/python -m torch.distributed.run --nproc_per_node=8 /opt/np/repo/shared/train/sft_lora.py --model TinyLlama/TinyLlama-1.1B-Chat-v1.0 --tag tp_probe_lnc1_tp8 --device-profile trn2 --nproc-per-node 8 --tensor-parallel-size 8 --max-steps 20 --out /opt/np/repo/trn2/results/extras/tp_probe_lnc1_tp8.json

*****************************************
Setting OMP_NUM_THREADS environment variable for each process to be 1 in default, to avoid your system being overloaded, please further tune the variable for optimal performance in your application as needed. 
*****************************************
Traceback (most recent call last):
  File "/opt/np/repo/shared/train/sft_lora.py", line 1590, in <module>
    sys.exit(main())
             ^^^^^^
  File "/opt/np/repo/shared/train/sft_lora.py", line 834, in main
    return run(args, cache_dir, profile)
           ^^^^^^^^^^^^^^^^^^^^^^^^^^^^^
  File "/opt/np/repo/shared/train/sft_lora.py", line 841, in run
    from datasets import load_dataset
ModuleNotFoundError: No module named 'datasets'
Traceback (most recent call last):
  File "/opt/np/repo/shared/train/sft_lora.py", line 1590, in <module>
    sys.exit(main())
             ^^^^^^
  File "/opt/np/repo/shared/train/sft_lora.py", line 834, in main
    return run(args, cache_dir, profile)
           ^^^^^^^^^^^^^^^^^^^^^^^^^^^^^
  File "/opt/np/repo/shared/train/sft_lora.py", line 841, in run
    from datasets import load_dataset
ModuleNotFoundError: No module named 'datasets'
Traceback (most recent call last):
  File "/opt/np/repo/shared/train/sft_lora.py", line 1590, in <module>
    sys.exit(main())
             ^^^^^^
  File "/opt/np/repo/shared/train/sft_lora.py", line 834, in main
    return run(args, cache_dir, profile)
           ^^^^^^^^^^^^^^^^^^^^^^^^^^^^^
  File "/opt/np/repo/shared/train/sft_lora.py", line 841, in run
    from datasets import load_dataset
ModuleNotFoundError: No module named 'datasets'
Traceback (most recent call last):
  File "/opt/np/repo/shared/train/sft_lora.py", line 1590, in <module>
    sys.exit(main())
             ^^^^^^
  File "/opt/np/repo/shared/train/sft_lora.py", line 834, in main
    return run(args, cache_dir, profile)
           ^^^^^^^^^^^^^^^^^^^^^^^^^^^^^
  File "/opt/np/repo/shared/train/sft_lora.py", line 841, in run
    from datasets import load_dataset
ModuleNotFoundError: No module named 'datasets'
W0805 17:38:44.926000 3181 torch/distributed/elastic/multiprocessing/api.py:908] Sending process 3209 closing signal SIGTERM
W0805 17:38:44.927000 3181 torch/distributed/elastic/multiprocessing/api.py:908] Sending process 3210 closing signal SIGTERM
W0805 17:38:44.927000 3181 torch/distributed/elastic/multiprocessing/api.py:908] Sending process 3211 closing signal SIGTERM
W0805 17:38:44.928000 3181 torch/distributed/elastic/multiprocessing/api.py:908] Sending process 3213 closing signal SIGTERM
W0805 17:38:44.928000 3181 torch/distributed/elastic/multiprocessing/api.py:908] Sending process 3214 closing signal SIGTERM
W0805 17:38:44.929000 3181 torch/distributed/elastic/multiprocessing/api.py:908] Sending process 3215 closing signal SIGTERM
W0805 17:38:44.929000 3181 torch/distributed/elastic/multiprocessing/api.py:908] Sending process 3216 closing signal SIGTERM
E0805 17:38:44.961000 3181 torch/distributed/elastic/multiprocessing/api.py:882] failed (exitcode: 1) local_rank: 3 (pid: 3212) of binary: /opt/aws_neuronx_venv_pytorch_2_9/bin/python
Traceback (most recent call last):
  File "<frozen runpy>", line 198, in _run_module_as_main
  File "<frozen runpy>", line 88, in _run_code
  File "/opt/aws_neuronx_venv_pytorch_2_9/lib/python3.12/site-packages/torch/distributed/run.py", line 940, in <module>
    main()
  File "/opt/aws_neuronx_venv_pytorch_2_9/lib/python3.12/site-packages/torch/distributed/elastic/multiprocessing/errors/__init__.py", line 357, in wrapper
    return f(*args, **kwargs)
           ^^^^^^^^^^^^^^^^^^
  File "/opt/aws_neuronx_venv_pytorch_2_9/lib/python3.12/site-packages/torch/distributed/run.py", line 936, in main
    run(args)
  File "/opt/aws_neuronx_venv_pytorch_2_9/lib/python3.12/site-packages/torch/distributed/run.py", line 927, in run
    elastic_launch(
  File "/opt/aws_neuronx_venv_pytorch_2_9/lib/python3.12/site-packages/torch/distributed/launcher/api.py", line 156, in __call__
    return launch_agent(self._config, self._entrypoint, list(args))
           ^^^^^^^^^^^^^^^^^^^^^^^^^^^^^^^^^^^^^^^^^^^^^^^^^^^^^^^^
  File "/opt/aws_neuronx_venv_pytorch_2_9/lib/python3.12/site-packages/torch/distributed/launcher/api.py", line 293, in launch_agent
    raise ChildFailedError(
torch.distributed.elastic.multiprocessing.errors.ChildFailedError: 
============================================================
/opt/np/repo/shared/train/sft_lora.py FAILED
------------------------------------------------------------
Failures:
  <NO_OTHER_FAILURES>
------------------------------------------------------------
Root Cause (first observed failure):
[0]:
  time      : 2026-08-05_17:38:44
  host      : ip-172-31-19-29.sa-east-1.compute.internal
  rank      : 3 (local_rank: 3)
  exitcode  : 1 (pid: 3212)
  error_file: <N/A>
  traceback : To enable traceback see: https://pytorch.org/docs/stable/elastic/errors.html
============================================================
