
*****************************************
Setting OMP_NUM_THREADS environment variable for each process to be 1 in default, to avoid your system being overloaded, please further tune the variable for optimal performance in your application as needed. 
*****************************************
2026-Aug-14 12:37:29.0851 5838:5864 [1] int nccl_net_ofi_create_plugin(nccl_net_ofi_plugin_t**):273 CCOM WARN NET/OFI Failed to 2026-Aug-14 12:37:29.0851 5837:5859 [0] int nccl_net_ofi_create_plugin(nccl_net_ofi_plugin_t**):273 CCOM WARN NET/OFI Failed to initialize rdma protocol
initialize rdma protocol
2026-Aug-14 12:37:29.0851 5837:5859 [0] int nccl_net_ofi_create_plugin(nccl_net_ofi_plugin_t**):416 CCOM WARN NET/OFI aws-ofi-nccl initialization failed
2026-Aug-14 12:37:29.0853 5838:5864 [1] int nccl_net_ofi_create_plugin(nccl_net_ofi_plugin_t**):416 CCOM WARN NET/OFI aws-ofi-nccl initialization failed
2026-Aug-14 12:37:29.0855 5837:5859 [0] ncclResult_t nccl_net_ofi_init(ncclDebugLogger_t):78 CCOM WARN NET/OFI Initializing plugin failed
2026-Aug-14 12:37:29.0857 5838:5864 [1] ncclResult_t nccl_net_ofi_init(ncclDebugLogger_t):78 CCOM WARN NET/OFI Initializing plugin failed
2026-Aug-14 12:37:29.0859 5837:5859 [0] net_plugin.cc:104 CCOM WARN OFI plugin initNet() failed is EFA enabled?
2026-Aug-14 12:37:29.0861 5838:5864 [1] net_plugin.cc:104 CCOM WARN OFI plugin initNet() failed is EFA enabled?
[pretrain] rank 0/2 device=xla:0
[pretrain] 409.0M parameters, all trainable
[pretrain] 8192 tok/step, 60 steps planned, cap 1.0h
2026-08-14 12:37:35.000586:  5838  [INFO]: Using a cached neff at /opt/np/cache/neuron-compile-cache/neuronxcc-2.26.6360.0+6f180f47/MODULE_13423439418619320702+e30acd3a/model.neff
2026-08-14 12:37:35.000593:  5837  [INFO]: Using a cached neff at /opt/np/cache/neuron-compile-cache/neuronxcc-2.26.6360.0+6f180f47/MODULE_13423439418619320702+e30acd3a/model.neff
  step 1/60 loss 11.0373 3939ms lr 3.00e-06
...2026-08-14 12:38:44.000030:  5837  [INFO]: Another process must be compiling /opt/np/cache/neuron-compile-cache/neuronxcc-2.26.6360.0+6f180f47/MODULE_6872824170574682628+e30acd3a/model.hlo_module.pb, been waiting for: 1.0 minutes
...2026-08-14 12:39:44.000032:  5837  [INFO]: Another process must be compiling /opt/np/cache/neuron-compile-cache/neuronxcc-2.26.6360.0+6f180f47/MODULE_6872824170574682628+e30acd3a/model.hlo_module.pb, been waiting for: 2.0 minutes
...2026-08-14 12:40:44.000034:  5837  [INFO]: Another process must be compiling /opt/np/cache/neuron-compile-cache/neuronxcc-2.26.6360.0+6f180f47/MODULE_6872824170574682628+e30acd3a/model.hlo_module.pb, been waiting for: 3.0 minutes
...2026-08-14 12:41:44.000035:  5837  [INFO]: Another process must be compiling /opt/np/cache/neuron-compile-cache/neuronxcc-2.26.6360.0+6f180f47/MODULE_6872824170574682628+e30acd3a/model.hlo_module.pb, been waiting for: 4.0 minutes
...2026-08-14 12:42:44.000037:  5837  [INFO]: Another process must be compiling /opt/np/cache/neuron-compile-cache/neuronxcc-2.26.6360.0+6f180f47/MODULE_6872824170574682628+e30acd3a/model.hlo_module.pb, been waiting for: 5.0 minutes
...2026-08-14 12:43:44.000038:  5837  [INFO]: Another process must be compiling /opt/np/cache/neuron-compile-cache/neuronxcc-2.26.6360.0+6f180f47/MODULE_6872824170574682628+e30acd3a/model.hlo_module.pb, been waiting for: 6.0 minutes
...2026-08-14 12:44:44.000040:  5837  [INFO]: Another process must be compiling /opt/np/cache/neuron-compile-cache/neuronxcc-2.26.6360.0+6f180f47/MODULE_6872824170574682628+e30acd3a/model.hlo_module.pb, been waiting for: 7.0 minutes
...2026-08-14 12:45:44.000041:  5837  [INFO]: Another process must be compiling /opt/np/cache/neuron-compile-cache/neuronxcc-2.26.6360.0+6f180f47/MODULE_6872824170574682628+e30acd3a/model.hlo_module.pb, been waiting for: 8.0 minutes
...2026-08-14 12:46:44.000043:  5837  [INFO]: Another process must be compiling /opt/np/cache/neuron-compile-cache/neuronxcc-2.26.6360.0+6f180f47/MODULE_6872824170574682628+e30acd3a/model.hlo_module.pb, been waiting for: 9.0 minutes
...2026-08-14 12:47:44.000045:  5837  [INFO]: Another process must be compiling /opt/np/cache/neuron-compile-cache/neuronxcc-2.26.6360.0+6f180f47/MODULE_6872824170574682628+e30acd3a/model.hlo_module.pb, been waiting for: 10.0 minutes
...2026-08-14 12:48:44.000046:  5837  [INFO]: Another process must be compiling /opt/np/cache/neuron-compile-cache/neuronxcc-2.26.6360.0+6f180f47/MODULE_6872824170574682628+e30acd3a/model.hlo_module.pb, been waiting for: 11.0 minutes
...2026-08-14 12:49:44.000048:  5837  [INFO]: Another process must be compiling /opt/np/cache/neuron-compile-cache/neuronxcc-2.26.6360.0+6f180f47/MODULE_6872824170574682628+e30acd3a/model.hlo_module.pb, been waiting for: 12.0 minutes
...2026-08-14 12:50:44.000049:  5837  [INFO]: Another process must be compiling /opt/np/cache/neuron-compile-cache/neuronxcc-2.26.6360.0+6f180f47/MODULE_6872824170574682628+e30acd3a/model.hlo_module.pb, been waiting for: 13.0 minutes
...2026-08-14 12:51:44.000051:  5837  [INFO]: Another process must be compiling /opt/np/cache/neuron-compile-cache/neuronxcc-2.26.6360.0+6f180f47/MODULE_6872824170574682628+e30acd3a/model.hlo_module.pb, been waiting for: 14.0 minutes
...2026-08-14 12:52:44.000053:  5837  [INFO]: Another process must be compiling /opt/np/cache/neuron-compile-cache/neuronxcc-2.26.6360.0+6f180f47/MODULE_6872824170574682628+e30acd3a/model.hlo_module.pb, been waiting for: 15.0 minutes
...2026-08-14 12:53:44.000063:  5837  [INFO]: Another process must be compiling /opt/np/cache/neuron-compile-cache/neuronxcc-2.26.6360.0+6f180f47/MODULE_6872824170574682628+e30acd3a/model.hlo_module.pb, been waiting for: 16.0 minutes
...2026-08-14 12:54:44.000136:  5837  [INFO]: Another process must be compiling /opt/np/cache/neuron-compile-cache/neuronxcc-2.26.6360.0+6f180f47/MODULE_6872824170574682628+e30acd3a/model.hlo_module.pb, been waiting for: 17.0 minutes
...2026-08-14 12:55:44.000138:  5837  [INFO]: Another process must be compiling /opt/np/cache/neuron-compile-cache/neuronxcc-2.26.6360.0+6f180f47/MODULE_6872824170574682628+e30acd3a/model.hlo_module.pb, been waiting for: 18.0 minutes
...2026-08-14 12:56:44.000140:  5837  [INFO]: Another process must be compiling /opt/np/cache/neuron-compile-cache/neuronxcc-2.26.6360.0+6f180f47/MODULE_6872824170574682628+e30acd3a/model.hlo_module.pb, been waiting for: 19.0 minutes
...2026-08-14 12:57:44.000144:  5837  [INFO]: Another process must be compiling /opt/np/cache/neuron-compile-cache/neuronxcc-2.26.6360.0+6f180f47/MODULE_6872824170574682628+e30acd3a/model.hlo_module.pb, been waiting for: 20.0 minutes
...2026-08-14 12:58:44.000149:  5837  [INFO]: Another process must be compiling /opt/np/cache/neuron-compile-cache/neuronxcc-2.26.6360.0+6f180f47/MODULE_6872824170574682628+e30acd3a/model.hlo_module.pb, been waiting for: 21.0 minutes
...2026-08-14 12:59:44.000152:  5837  [INFO]: Another process must be compiling /opt/np/cache/neuron-compile-cache/neuronxcc-2.26.6360.0+6f180f47/MODULE_6872824170574682628+e30acd3a/model.hlo_module.pb, been waiting for: 22.0 minutes
...2026-08-14 13:00:44.000154:  5837  [INFO]: Another process must be compiling /opt/np/cache/neuron-compile-cache/neuronxcc-2.26.6360.0+6f180f47/MODULE_6872824170574682628+e30acd3a/model.hlo_module.pb, been waiting for: 23.0 minutes
...2026-08-14 13:01:44.000158:  5837  [INFO]: Another process must be compiling /opt/np/cache/neuron-compile-cache/neuronxcc-2.26.6360.0+6f180f47/MODULE_6872824170574682628+e30acd3a/model.hlo_module.pb, been waiting for: 24.0 minutes
...2026-08-14 13:02:44.000160:  5837  [INFO]: Another process must be compiling /opt/np/cache/neuron-compile-cache/neuronxcc-2.26.6360.0+6f180f47/MODULE_6872824170574682628+e30acd3a/model.hlo_module.pb, been waiting for: 25.0 minutes
...2026-08-14 13:03:44.000166:  5837  [INFO]: Another process must be compiling /opt/np/cache/neuron-compile-cache/neuronxcc-2.26.6360.0+6f180f47/MODULE_6872824170574682628+e30acd3a/model.hlo_module.pb, been waiting for: 26.0 minutes
.
2026-08-14 13:03:54.000353:  5838  [ERROR]: Failed compilation with ['neuronx-cc', 'compile', '--framework=XLA', '/tmp/root/neuroncc_compile_workdir/284c035e-33b1-4124-bf0c-f07e110b8d16/model.MODULE_6872824170574682628+e30acd3a.hlo_module.pb', '--output', '/tmp/root/neuroncc_compile_workdir/284c035e-33b1-4124-bf0c-f07e110b8d16/model.MODULE_6872824170574682628+e30acd3a.neff', '--target=trn1', '--verbose=35']:
[ERROR] [NCC_EOOM001] Maximum peak HBM usage of 16.20GB (at instruction I-180331-0) exceeds HBM limit of 16.00GB for Trn1. This consists of 780.21MB I/O tensors, 827.01MB intermediate tensors, and 14.63GB internal (scratchpad) allocations (of which 6.79GB is anticipated spills from SBUF) - Check the target architecture flag to ensure you are compiling for correct target, or consider using smaller batches or applying model/tensor parallelism.
2026-08-14T13:03:53Z Non-signal exit. Backend exited with code 1 and stderr: [ERROR] [NCC_EOOM001] Maximum peak HBM usage of 16.20GB (at instruction I-180331-0) exceeds HBM limit of 16.00GB for Trn1. This consists of 780.21MB I/O tensors, 827.01MB intermediate tensors, and 14.63GB internal (scratchpad) allocations (of which 6.79GB is anticipated spills from SBUF) - Check the target architecture flag to ensure you are compiling for correct target, or consider using smaller batches or applying model/tensor parallelism.
[libneuronxla 2.2.17544.0+fb9962bf]
[rank1]: Traceback (most recent call last):
[rank1]:   File "/opt/np/repo/shared/train/pretrain_fineweb.py", line 341, in <module>
[rank1]:     sys.exit(main())
[rank1]:              ^^^^^^
[rank1]:   File "/opt/np/repo/shared/train/pretrain_fineweb.py", line 260, in main
[rank1]:     lv = last.detach().float().item() * args.grad_accum
[rank1]:          ^^^^^^^^^^^^^^^^^^^^^^^^^^^^
[rank1]: RuntimeError: RunNeuronCCImpl: error condition error != 0: [ERROR] [NCC_EOOM001] Maximum peak HBM usage of 16.20GB (at instruction I-180331-0) exceeds HBM limit of 16.00GB for Trn1. This consists of 780.21MB I/O tensors, 827.01MB intermediate tensors, and 14.63GB internal (scratchpad) allocations (of which 6.79GB is anticipated spills from SBUF) - Check the target architecture flag to ensure you are compiling for correct target, or consider using smaller batches or applying model/tensor parallelism.
[rank1]: 2026-08-14T13:03:53Z Non-signal exit. Backend exited with code 1 and stderr: [ERROR] [NCC_EOOM001] Maximum peak HBM usage of 16.20GB (at instruction I-180331-0) exceeds HBM limit of 16.00GB for Trn1. This consists of 780.21MB I/O tensors, 827.01MB intermediate tensors, and 14.63GB internal (scratchpad) allocations (of which 6.79GB is anticipated spills from SBUF) - Check the target architecture flag to ensure you are compiling for correct target, or consider using smaller batches or applying model/tensor parallelism.
[rank1]: [libneuronxla 2.2.17544.0+fb9962bf]
[rank1]: [libneuronxla 2.2.17544.0+fb9962bf]
2026-08-14 13:03:59.000220:  5837  [INFO]: Got a cached failed neff at /opt/np/cache/neuron-compile-cache/neuronxcc-2.26.6360.0+6f180f47/MODULE_6872824170574682628+e30acd3a/model.neff. With eror log: [Failed compilation with ['neuronx-cc', 'compile', '--framework=XLA', '/tmp/root/neuroncc_compile_workdir/284c035e-33b1-4124-bf0c-f07e110b8d16/model.MODULE_6872824170574682628+e30acd3a.hlo_module.pb', '--output', '/tmp/root/neuroncc_compile_workdir/284c035e-33b1-4124-bf0c-f07e110b8d16/model.MODULE_6872824170574682628+e30acd3a.neff', '--target=trn1', '--verbose=35']:
[ERROR] [NCC_EOOM001] Maximum peak HBM usage of 16.20GB (at instruction I-180331-0) exceeds HBM limit of 16.00GB for Trn1. This consists of 780.21MB I/O tensors, 827.01MB intermediate tensors, and 14.63GB internal (scratchpad) allocations (of which 6.79GB is anticipated spills from SBUF) - Check the target architecture flag to ensure you are compiling for correct target, or consider using smaller batches or applying model/tensor parallelism.
2026-08-14T13:03:53Z Non-signal exit. Backend exited with code 1 and stderr: [ERROR] [NCC_EOOM001] Maximum peak HBM usage of 16.20GB (at instruction I-180331-0) exceeds HBM limit of 16.00GB for Trn1. This consists of 780.21MB I/O tensors, 827.01MB intermediate tensors, and 14.63GB internal (scratchpad) allocations (of which 6.79GB is anticipated spills from SBUF) - Check the target architecture flag to ensure you are compiling for correct target, or consider using smaller batches or applying model/tensor parallelism.
[libneuronxla 2.2.17544.0+fb9962bf]].                 Retrying...
.W0814 13:04:08.503000 5808 torch/distributed/elastic/multiprocessing/api.py:908] Sending process 5837 closing signal SIGTERM
E0814 13:04:08.674000 5808 torch/distributed/elastic/multiprocessing/api.py:882] failed (exitcode: 1) local_rank: 1 (pid: 5838) of binary: /opt/aws_neuronx_venv_pytorch_2_9/bin/python
Traceback (most recent call last):
  File "<frozen runpy>", line 198, in _run_module_as_main
  File "<frozen runpy>", line 88, in _run_code
  File "/opt/aws_neuronx_venv_pytorch_2_9/lib/python3.12/site-packages/torch/distributed/run.py", line 940, in <module>
    main()
  File "/opt/aws_neuronx_venv_pytorch_2_9/lib/python3.12/site-packages/torch/distributed/elastic/multiprocessing/errors/__init__.py", line 357, in wrapper
    return f(*args, **kwargs)
           ^^^^^^^^^^^^^^^^^^
  File "/opt/aws_neuronx_venv_pytorch_2_9/lib/python3.12/site-packages/torch/distributed/run.py", line 936, in main
    run(args)
  File "/opt/aws_neuronx_venv_pytorch_2_9/lib/python3.12/site-packages/torch/distributed/run.py", line 927, in run
    elastic_launch(
  File "/opt/aws_neuronx_venv_pytorch_2_9/lib/python3.12/site-packages/torch/distributed/launcher/api.py", line 156, in __call__
    return launch_agent(self._config, self._entrypoint, list(args))
           ^^^^^^^^^^^^^^^^^^^^^^^^^^^^^^^^^^^^^^^^^^^^^^^^^^^^^^^^
  File "/opt/aws_neuronx_venv_pytorch_2_9/lib/python3.12/site-packages/torch/distributed/launcher/api.py", line 293, in launch_agent
    raise ChildFailedError(
torch.distributed.elastic.multiprocessing.errors.ChildFailedError: 
============================================================
/opt/np/repo/shared/train/pretrain_fineweb.py FAILED
------------------------------------------------------------
Failures:
  <NO_OTHER_FAILURES>
------------------------------------------------------------
Root Cause (first observed failure):
[0]:
  time      : 2026-08-14_13:04:08
  host      : ip-172-31-24-108.us-west-2.compute.internal
  rank      : 1 (local_rank: 1)
  exitcode  : 1 (pid: 5838)
  error_file: <N/A>
  traceback : To enable traceback see: https://pytorch.org/docs/stable/elastic/errors.html
============================================================
