
*****************************************
Setting OMP_NUM_THREADS environment variable for each process to be 1 in default, to avoid your system being overloaded, please further tune the variable for optimal performance in your application as needed. 
*****************************************
2026-Aug-14 11:55:27.0231 3724:3738 [0] int nccl_net_ofi_create_plugin(nccl_net_ofi_plugin_t**):273 CCOM WARN NET/OFI Failed to initialize rdma protocol
2026-Aug-14 11:55:27.0242 3724:3738 [0] int nccl_net_ofi_create_plugin(nccl_net_ofi_plugin_t**):416 CCOM WARN NET/OFI aws-ofi-nccl initialization failed
2026-Aug-14 11:55:27.0252 3724:3738 [0] ncclResult_t nccl_net_ofi_init(ncclDebugLogger_t):78 CCOM WARN NET/OFI Initializing plugin failed
2026-Aug-14 11:55:27.0260 3724:3738 [0] net_plugin.cc:104 CCOM WARN OFI plugin initNet() failed is EFA enabled?
2026-Aug-14 11:55:34.0611 3725:3769 [1] int nccl_net_ofi_create_plugin(nccl_net_ofi_plugin_t**):273 CCOM WARN NET/OFI Failed to initialize rdma protocol
2026-Aug-14 11:55:34.0621 3725:3769 [1] int nccl_net_ofi_create_plugin(nccl_net_ofi_plugin_t**):416 CCOM WARN NET/OFI aws-ofi-nccl initialization failed
2026-Aug-14 11:55:34.0631 3725:3769 [1] ncclResult_t nccl_net_ofi_init(ncclDebugLogger_t):78 CCOM WARN NET/OFI Initializing plugin failed
2026-Aug-14 11:55:34.0640 3725:3769 [1] net_plugin.cc:104 CCOM WARN OFI plugin initNet() failed is EFA enabled?
[pretrain] rank 0/2 device=xla:0
[pretrain] 409.0M parameters, all trainable
[pretrain] 131072 tok/step, 60 steps planned, cap 1.0h
...2026-08-14 11:56:40.000139:  3724  [INFO]: Another process must be compiling /opt/np/cache/neuron-compile-cache/neuronxcc-2.26.6360.0+6f180f47/MODULE_9435907415129007395+e30acd3a/model.hlo_module.pb, been waiting for: 1.0 minutes
...2026-08-14 11:57:40.000141:  3724  [INFO]: Another process must be compiling /opt/np/cache/neuron-compile-cache/neuronxcc-2.26.6360.0+6f180f47/MODULE_9435907415129007395+e30acd3a/model.hlo_module.pb, been waiting for: 2.0 minutes
...2026-08-14 11:58:40.000144:  3724  [INFO]: Another process must be compiling /opt/np/cache/neuron-compile-cache/neuronxcc-2.26.6360.0+6f180f47/MODULE_9435907415129007395+e30acd3a/model.hlo_module.pb, been waiting for: 3.0 minutes
...2026-08-14 11:59:40.000146:  3724  [INFO]: Another process must be compiling /opt/np/cache/neuron-compile-cache/neuronxcc-2.26.6360.0+6f180f47/MODULE_9435907415129007395+e30acd3a/model.hlo_module.pb, been waiting for: 4.0 minutes
.
Compiler status PASS
2026-08-14 11:59:45.000259:  3725  [INFO]: Compilation Successfully Completed for model.MODULE_9435907415129007395+e30acd3a.hlo_module.pb
2026-08-14 11:59:50.000307:  3724  [INFO]: Using a cached neff at /opt/np/cache/neuron-compile-cache/neuronxcc-2.26.6360.0+6f180f47/MODULE_9435907415129007395+e30acd3a/model.neff
  step 1/60 loss 11.0242 261699ms lr 3.00e-05
.
2026-08-14 12:00:07.000175:  3725  [ERROR]: Failed compilation with ['neuronx-cc', 'compile', '--framework=XLA', '/tmp/root/neuroncc_compile_workdir/79cf3b39-9215-46de-b98e-3d547880ca8c/model.MODULE_6678419215311011505+e30acd3a.hlo_module.pb', '--output', '/tmp/root/neuroncc_compile_workdir/79cf3b39-9215-46de-b98e-3d547880ca8c/model.MODULE_6678419215311011505+e30acd3a.neff', '--target=trn1', '--verbose=35']:
[ERROR] [NCC_EVRF007] Instructions generated by compiler 37,536,776 exceeds the typical limit of 5,000,000. Input computation graph is too big or has large operators. Consider using --optlevel=1, smaller batches or sequence length, or applying model parallelism. For further troubleshooting visit https://awsdocs-neuron.readthedocs-hosted.com/en/latest/libraries/nxd-training/app_notes/nxd-training-tp-appnote.html.
[libneuronxla 2.2.17544.0+fb9962bf]
[rank1]: Traceback (most recent call last):
[rank1]:   File "/opt/np/repo/shared/train/pretrain_fineweb.py", line 310, in <module>
[rank1]:     sys.exit(main())
[rank1]:              ^^^^^^
[rank1]:   File "/opt/np/repo/shared/train/pretrain_fineweb.py", line 229, in main
[rank1]:     lv = last.detach().float().item() * args.grad_accum
[rank1]:          ^^^^^^^^^^^^^^^^^^^^^^^^^^^^
[rank1]: RuntimeError: RunNeuronCCImpl: error condition error != 0: [ERROR] [NCC_EVRF007] Instructions generated by compiler 37,536,776 exceeds the typical limit of 5,000,000. Input computation graph is too big or has large operators. Consider using --optlevel=1, smaller batches or sequence length, or applying model parallelism. For further troubleshooting visit https://awsdocs-neuron.readthedocs-hosted.com/en/latest/libraries/nxd-training/app_notes/nxd-training-tp-appnote.html.
[rank1]: [libneuronxla 2.2.17544.0+fb9962bf]
[rank1]: [libneuronxla 2.2.17544.0+fb9962bf]
W0814 12:00:08.635000 3695 torch/distributed/elastic/multiprocessing/api.py:908] Sending process 3724 closing signal SIGTERM
E0814 12:00:08.800000 3695 torch/distributed/elastic/multiprocessing/api.py:882] failed (exitcode: 1) local_rank: 1 (pid: 3725) of binary: /opt/aws_neuronx_venv_pytorch_2_9/bin/python
Traceback (most recent call last):
  File "<frozen runpy>", line 198, in _run_module_as_main
  File "<frozen runpy>", line 88, in _run_code
  File "/opt/aws_neuronx_venv_pytorch_2_9/lib/python3.12/site-packages/torch/distributed/run.py", line 940, in <module>
    main()
  File "/opt/aws_neuronx_venv_pytorch_2_9/lib/python3.12/site-packages/torch/distributed/elastic/multiprocessing/errors/__init__.py", line 357, in wrapper
    return f(*args, **kwargs)
           ^^^^^^^^^^^^^^^^^^
  File "/opt/aws_neuronx_venv_pytorch_2_9/lib/python3.12/site-packages/torch/distributed/run.py", line 936, in main
    run(args)
  File "/opt/aws_neuronx_venv_pytorch_2_9/lib/python3.12/site-packages/torch/distributed/run.py", line 927, in run
    elastic_launch(
  File "/opt/aws_neuronx_venv_pytorch_2_9/lib/python3.12/site-packages/torch/distributed/launcher/api.py", line 156, in __call__
    return launch_agent(self._config, self._entrypoint, list(args))
           ^^^^^^^^^^^^^^^^^^^^^^^^^^^^^^^^^^^^^^^^^^^^^^^^^^^^^^^^
  File "/opt/aws_neuronx_venv_pytorch_2_9/lib/python3.12/site-packages/torch/distributed/launcher/api.py", line 293, in launch_agent
    raise ChildFailedError(
torch.distributed.elastic.multiprocessing.errors.ChildFailedError: 
============================================================
/opt/np/repo/shared/train/pretrain_fineweb.py FAILED
------------------------------------------------------------
Failures:
  <NO_OTHER_FAILURES>
------------------------------------------------------------
Root Cause (first observed failure):
[0]:
  time      : 2026-08-14_12:00:08
  host      : ip-172-31-24-108.us-west-2.compute.internal
  rank      : 1 (local_rank: 1)
  exitcode  : 1 (pid: 3725)
  error_file: <N/A>
  traceback : To enable traceback see: https://pytorch.org/docs/stable/elastic/errors.html
============================================================
