
*****************************************
Setting OMP_NUM_THREADS environment variable for each process to be 1 in default, to avoid your system being overloaded, please further tune the variable for optimal performance in your application as needed. 
*****************************************
2026-Aug-19 17:37:58.0381 166022:166044 [0] int nccl_net_ofi_create_plugin(nccl_net_ofi_plugin_t**):273 CCOM WARN NET/OFI Failed to initialize rdma protocol
2026-Aug-19 17:37:58.0382 166023:166045 [1] int nccl_net_ofi_create_plugin(nccl_net_ofi_plugin_t**):273 CCOM WARN NET/OFI Failed to initialize rdma protocol
2026-Aug-19 17:37:58.0383 166022:166044 [0] int nccl_net_ofi_create_plugin(nccl_net_ofi_plugin_t**):416 CCOM WARN NET/OFI aws-ofi-nccl initialization failed
2026-Aug-19 17:37:58.0385 166023:166045 [1] int nccl_net_ofi_create_plugin(nccl_net_ofi_plugin_t**):416 CCOM WARN NET/OFI aws-ofi-nccl initialization failed
2026-Aug-19 17:37:58.0387 166022:166044 [0] ncclResult_t nccl_net_ofi_init(ncclDebugLogger_t):78 CCOM WARN NET/OFI Initializing plugin failed
2026-Aug-19 17:37:58.0389 166023:166045 [1] ncclResult_t nccl_net_ofi_init(ncclDebugLogger_t):78 CCOM WARN NET/OFI Initializing plugin failed
2026-Aug-19 17:37:58.0391 166022:166044 [0] net_plugin.cc:104 CCOM WARN OFI plugin initNet() failed is EFA enabled?
2026-Aug-19 17:37:58.0393 166023:166045 [1] net_plugin.cc:104 CCOM WARN OFI plugin initNet() failed is EFA enabled?
[pretrain] rank 0/2 device=xla:0
[pretrain] 409.0M parameters, all trainable
[pretrain] 32768 tok/step, 60 steps planned, cap 8.0h
...2026-08-19 17:39:03.000787:  166023  [INFO]: Another process must be compiling /opt/np/cache/neuron-compile-cache/neuronxcc-2.26.6360.0+6f180f47/MODULE_11663438982494280422+e30acd3a/model.hlo_module.pb, been waiting for: 1.0 minutes
...2026-08-19 17:40:03.000790:  166023  [INFO]: Another process must be compiling /opt/np/cache/neuron-compile-cache/neuronxcc-2.26.6360.0+6f180f47/MODULE_11663438982494280422+e30acd3a/model.hlo_module.pb, been waiting for: 2.0 minutes
.
Compiler status PASS
2026-08-19 17:40:13.000896:  166022  [INFO]: Compilation Successfully Completed for model.MODULE_11663438982494280422+e30acd3a.hlo_module.pb
  step 1/60 loss 10.9808 135320ms lr 1.00e-04
2026-08-19 17:40:19.000015:  166023  [INFO]: Using a cached neff at /opt/np/cache/neuron-compile-cache/neuronxcc-2.26.6360.0+6f180f47/MODULE_11663438982494280422+e30acd3a/model.neff
.
2026-08-19 17:40:25.000503:  166022  [ERROR]: Failed compilation with ['neuronx-cc', 'compile', '--framework=XLA', '/tmp/root/neuroncc_compile_workdir/ed89e60b-4bdb-4a64-ba16-fea44cc1c851/model.MODULE_12241167633072734393+e30acd3a.hlo_module.pb', '--output', '/tmp/root/neuroncc_compile_workdir/ed89e60b-4bdb-4a64-ba16-fea44cc1c851/model.MODULE_12241167633072734393+e30acd3a.neff', '--target=trn1', '--verbose=35']:
[ERROR] [NCC_EVRF007] Instructions generated by compiler 6,448,817 exceeds the typical limit of 5,000,000. Input computation graph is too big or has large operators. Consider using --optlevel=1, smaller batches or sequence length, or applying model parallelism. For further troubleshooting visit https://awsdocs-neuron.readthedocs-hosted.com/en/latest/libraries/nxd-training/app_notes/nxd-training-tp-appnote.html.
[libneuronxla 2.2.17544.0+fb9962bf]
[rank0]: Traceback (most recent call last):
[rank0]:   File "/opt/np/repo/shared/train/pretrain_fineweb.py", line 423, in <module>
[rank0]:     sys.exit(main())
[rank0]:              ^^^^^^
[rank0]:   File "/opt/np/repo/shared/train/pretrain_fineweb.py", line 334, in main
[rank0]:     lv = last.detach().float().item() * args.grad_accum
[rank0]:          ^^^^^^^^^^^^^^^^^^^^^^^^^^^^
[rank0]: RuntimeError: RunNeuronCCImpl: error condition error != 0: [ERROR] [NCC_EVRF007] Instructions generated by compiler 6,448,817 exceeds the typical limit of 5,000,000. Input computation graph is too big or has large operators. Consider using --optlevel=1, smaller batches or sequence length, or applying model parallelism. For further troubleshooting visit https://awsdocs-neuron.readthedocs-hosted.com/en/latest/libraries/nxd-training/app_notes/nxd-training-tp-appnote.html.
[rank0]: [libneuronxla 2.2.17544.0+fb9962bf]
[rank0]: [libneuronxla 2.2.17544.0+fb9962bf]
W0819 17:40:26.887000 165993 torch/distributed/elastic/multiprocessing/api.py:908] Sending process 166023 closing signal SIGTERM
E0819 17:40:27.051000 165993 torch/distributed/elastic/multiprocessing/api.py:882] failed (exitcode: 1) local_rank: 0 (pid: 166022) of binary: /opt/aws_neuronx_venv_pytorch_2_9/bin/python
Traceback (most recent call last):
  File "<frozen runpy>", line 198, in _run_module_as_main
  File "<frozen runpy>", line 88, in _run_code
  File "/opt/aws_neuronx_venv_pytorch_2_9/lib/python3.12/site-packages/torch/distributed/run.py", line 940, in <module>
    main()
  File "/opt/aws_neuronx_venv_pytorch_2_9/lib/python3.12/site-packages/torch/distributed/elastic/multiprocessing/errors/__init__.py", line 357, in wrapper
    return f(*args, **kwargs)
           ^^^^^^^^^^^^^^^^^^
  File "/opt/aws_neuronx_venv_pytorch_2_9/lib/python3.12/site-packages/torch/distributed/run.py", line 936, in main
    run(args)
  File "/opt/aws_neuronx_venv_pytorch_2_9/lib/python3.12/site-packages/torch/distributed/run.py", line 927, in run
    elastic_launch(
  File "/opt/aws_neuronx_venv_pytorch_2_9/lib/python3.12/site-packages/torch/distributed/launcher/api.py", line 156, in __call__
    return launch_agent(self._config, self._entrypoint, list(args))
           ^^^^^^^^^^^^^^^^^^^^^^^^^^^^^^^^^^^^^^^^^^^^^^^^^^^^^^^^
  File "/opt/aws_neuronx_venv_pytorch_2_9/lib/python3.12/site-packages/torch/distributed/launcher/api.py", line 293, in launch_agent
    raise ChildFailedError(
torch.distributed.elastic.multiprocessing.errors.ChildFailedError: 
============================================================
/opt/np/repo/shared/train/pretrain_fineweb.py FAILED
------------------------------------------------------------
Failures:
  <NO_OTHER_FAILURES>
------------------------------------------------------------
Root Cause (first observed failure):
[0]:
  time      : 2026-08-19_17:40:26
  host      : ip-172-31-24-108.us-west-2.compute.internal
  rank      : 0 (local_rank: 0)
  exitcode  : 1 (pid: 166022)
  error_file: <N/A>
  traceback : To enable traceback see: https://pytorch.org/docs/stable/elastic/errors.html
============================================================
