"=== before ==="
/opt/aws_neuronx_venv_pytorch_2_9/lib/python3.12/site-packages/transformers
/opt/aws_neuronx_venv_pytorch_2_9/lib/python3.12/site-packages/transformers-4.57.6.dist-info
Found existing installation: transformers 4.57.6
Uninstalling transformers-4.57.6:
  Successfully uninstalled transformers-4.57.6
"=== purged ==="
Collecting transformers==4.57.6
  Downloading transformers-4.57.6-py3-none-any.whl.metadata (43 kB)
     ━━━━━━━━━━━━━━━━━━━━━━━━━━━━━━━━━━━━━━━━ 44.0/44.0 kB 4.2 MB/s eta 0:00:00
Collecting filelock (from transformers==4.57.6)
  Downloading filelock-3.32.3-py3-none-any.whl.metadata (2.0 kB)
Collecting huggingface-hub<1.0,>=0.34.0 (from transformers==4.57.6)
  Downloading huggingface_hub-0.36.2-py3-none-any.whl.metadata (15 kB)
Collecting numpy>=1.17 (from transformers==4.57.6)
  Downloading numpy-2.5.2-cp312-cp312-manylinux_2_27_x86_64.manylinux_2_28_x86_64.whl.metadata (6.6 kB)
Collecting packaging>=20.0 (from transformers==4.57.6)
  Downloading packaging-26.3-py3-none-any.whl.metadata (3.5 kB)
Collecting pyyaml>=5.1 (from transformers==4.57.6)
  Downloading pyyaml-6.0.3-cp312-cp312-manylinux2014_x86_64.manylinux_2_17_x86_64.manylinux_2_28_x86_64.whl.metadata (2.4 kB)
Collecting regex!=2019.12.17 (from transformers==4.57.6)
  Downloading regex-2026.7.19-cp312-cp312-manylinux2014_x86_64.manylinux_2_17_x86_64.manylinux_2_28_x86_64.whl.metadata (40 kB)
     ━━━━━━━━━━━━━━━━━━━━━━━━━━━━━━━━━━━━━━━━ 40.5/40.5 kB 16.3 MB/s eta 0:00:00
Collecting requests (from transformers==4.57.6)
  Downloading requests-2.34.2-py3-none-any.whl.metadata (4.8 kB)
Collecting tokenizers<=0.23.0,>=0.22.0 (from transformers==4.57.6)
  Downloading tokenizers-0.22.2-cp39-abi3-manylinux_2_17_x86_64.manylinux2014_x86_64.whl.metadata (7.3 kB)
Collecting safetensors>=0.4.3 (from transformers==4.57.6)
  Downloading safetensors-0.8.0-cp310-abi3-manylinux_2_17_x86_64.manylinux2014_x86_64.whl.metadata (4.2 kB)
Collecting tqdm>=4.27 (from transformers==4.57.6)
  Downloading tqdm-4.70.0-py3-none-any.whl.metadata (57 kB)
     ━━━━━━━━━━━━━━━━━━━━━━━━━━━━━━━━━━━━━━━━ 57.3/57.3 kB 18.9 MB/s eta 0:00:00
Collecting fsspec>=2023.5.0 (from huggingface-hub<1.0,>=0.34.0->transformers==4.57.6)
  Downloading fsspec-2026.7.0-py3-none-any.whl.metadata (10 kB)
Collecting hf-xet<2.0.0,>=1.1.3 (from huggingface-hub<1.0,>=0.34.0->transformers==4.57.6)
  Downloading hf_xet-1.6.0-cp38-abi3-manylinux2014_x86_64.manylinux_2_17_x86_64.whl.metadata (4.9 kB)
Collecting typing-extensions>=3.7.4.3 (from huggingface-hub<1.0,>=0.34.0->transformers==4.57.6)
  Downloading typing_extensions-4.16.0-py3-none-any.whl.metadata (3.3 kB)
Collecting charset_normalizer<4,>=2 (from requests->transformers==4.57.6)
  Downloading charset_normalizer-3.5.1-cp312-cp312-manylinux2014_x86_64.manylinux_2_17_x86_64.manylinux_2_28_x86_64.whl.metadata (45 kB)
     ━━━━━━━━━━━━━━━━━━━━━━━━━━━━━━━━━━━━━━━━ 45.9/45.9 kB 19.7 MB/s eta 0:00:00
Collecting idna<4,>=2.5 (from requests->transformers==4.57.6)
  Downloading idna-3.19-py3-none-any.whl.metadata (9.2 kB)
Collecting urllib3<3,>=1.26 (from requests->transformers==4.57.6)
  Downloading urllib3-2.7.0-py3-none-any.whl.metadata (6.9 kB)
Collecting certifi>=2023.5.7 (from requests->transformers==4.57.6)
  Downloading certifi-2026.7.22-py3-none-any.whl.metadata (2.5 kB)
Downloading transformers-4.57.6-py3-none-any.whl (12.0 MB)
   ━━━━━━━━━━━━━━━━━━━━━━━━━━━━━━━━━━━━━━━━ 12.0/12.0 MB 55.9 MB/s eta 0:00:00
Downloading huggingface_hub-0.36.2-py3-none-any.whl (566 kB)
   ━━━━━━━━━━━━━━━━━━━━━━━━━━━━━━━━━━━━━━━ 566.4/566.4 kB 174.7 MB/s eta 0:00:00
Downloading numpy-2.5.2-cp312-cp312-manylinux_2_27_x86_64.manylinux_2_28_x86_64.whl (16.7 MB)
   ━━━━━━━━━━━━━━━━━━━━━━━━━━━━━━━━━━━━━━━━ 16.7/16.7 MB 192.7 MB/s eta 0:00:00
Downloading packaging-26.3-py3-none-any.whl (129 kB)
   ━━━━━━━━━━━━━━━━━━━━━━━━━━━━━━━━━━━━━━━ 130.0/130.0 kB 442.9 MB/s eta 0:00:00
Downloading pyyaml-6.0.3-cp312-cp312-manylinux2014_x86_64.manylinux_2_17_x86_64.manylinux_2_28_x86_64.whl (807 kB)
   ━━━━━━━━━━━━━━━━━━━━━━━━━━━━━━━━━━━━━━━ 807.9/807.9 kB 326.4 MB/s eta 0:00:00
Downloading regex-2026.7.19-cp312-cp312-manylinux2014_x86_64.manylinux_2_17_x86_64.manylinux_2_28_x86_64.whl (801 kB)
   ━━━━━━━━━━━━━━━━━━━━━━━━━━━━━━━━━━━━━━━ 801.8/801.8 kB 235.5 MB/s eta 0:00:00
Downloading safetensors-0.8.0-cp310-abi3-manylinux_2_17_x86_64.manylinux2014_x86_64.whl (516 kB)
   ━━━━━━━━━━━━━━━━━━━━━━━━━━━━━━━━━━━━━━━ 516.0/516.0 kB 502.0 MB/s eta 0:00:00
Downloading tokenizers-0.22.2-cp39-abi3-manylinux_2_17_x86_64.manylinux2014_x86_64.whl (3.3 MB)
   ━━━━━━━━━━━━━━━━━━━━━━━━━━━━━━━━━━━━━━━━ 3.3/3.3 MB 257.6 MB/s eta 0:00:00
Downloading tqdm-4.70.0-py3-none-any.whl (80 kB)
   ━━━━━━━━━━━━━━━━━━━━━━━━━━━━━━━━━━━━━━━━ 80.2/80.2 kB 415.4 MB/s eta 0:00:00
Downloading filelock-3.32.3-py3-none-any.whl (98 kB)
   ━━━━━━━━━━━━━━━━━━━━━━━━━━━━━━━━━━━━━━━━ 98.9/98.9 kB 410.0 MB/s eta 0:00:00
Downloading requests-2.34.2-py3-none-any.whl (73 kB)
   ━━━━━━━━━━━━━━━━━━━━━━━━━━━━━━━━━━━━━━━━ 73.1/73.1 kB 359.6 MB/s eta 0:00:00
Downloading certifi-2026.7.22-py3-none-any.whl (136 kB)
   ━━━━━━━━━━━━━━━━━━━━━━━━━━━━━━━━━━━━━━━ 137.0/137.0 kB 416.9 MB/s eta 0:00:00
Downloading charset_normalizer-3.5.1-cp312-cp312-manylinux2014_x86_64.manylinux_2_17_x86_64.manylinux_2_28_x86_64.whl (248 kB)
   ━━━━━━━━━━━━━━━━━━━━━━━━━━━━━━━━━━━━━━━ 248.8/248.8 kB 499.3 MB/s eta 0:00:00
Downloading fsspec-2026.7.0-py3-none-any.whl (206 kB)
   ━━━━━━━━━━━━━━━━━━━━━━━━━━━━━━━━━━━━━━━ 206.6/206.6 kB 479.6 MB/s eta 0:00:00
Downloading hf_xet-1.6.0-cp38-abi3-manylinux2014_x86_64.manylinux_2_17_x86_64.whl (4.5 MB)
   ━━━━━━━━━━━━━━━━━━━━━━━━━━━━━━━━━━━━━━━━ 4.5/4.5 MB 252.2 MB/s eta 0:00:00
Downloading idna-3.19-py3-none-any.whl (68 kB)
   ━━━━━━━━━━━━━━━━━━━━━━━━━━━━━━━━━━━━━━━━ 68.5/68.5 kB 381.5 MB/s eta 0:00:00
Downloading typing_extensions-4.16.0-py3-none-any.whl (45 kB)
   ━━━━━━━━━━━━━━━━━━━━━━━━━━━━━━━━━━━━━━━━ 45.6/45.6 kB 353.1 MB/s eta 0:00:00
Downloading urllib3-2.7.0-py3-none-any.whl (131 kB)
   ━━━━━━━━━━━━━━━━━━━━━━━━━━━━━━━━━━━━━━━ 131.1/131.1 kB 401.0 MB/s eta 0:00:00
Installing collected packages: urllib3, typing-extensions, tqdm, safetensors, regex, pyyaml, packaging, numpy, idna, hf-xet, fsspec, filelock, charset_normalizer, certifi, requests, huggingface-hub, tokenizers, transformers
  Attempting uninstall: urllib3
    Found existing installation: urllib3 2.7.0
    Uninstalling urllib3-2.7.0:
      Successfully uninstalled urllib3-2.7.0
  Attempting uninstall: typing-extensions
    Found existing installation: typing_extensions 4.16.0
    Uninstalling typing_extensions-4.16.0:
      Successfully uninstalled typing_extensions-4.16.0
  Attempting uninstall: tqdm
    Found existing installation: tqdm 4.68.4
    Uninstalling tqdm-4.68.4:
      Successfully uninstalled tqdm-4.68.4
  Attempting uninstall: safetensors
    Found existing installation: safetensors 0.8.0
    Uninstalling safetensors-0.8.0:
      Successfully uninstalled safetensors-0.8.0
  Attempting uninstall: regex
    Found existing installation: regex 2026.7.19
    Uninstalling regex-2026.7.19:
      Successfully uninstalled regex-2026.7.19
  Attempting uninstall: pyyaml
    Found existing installation: PyYAML 6.0.3
    Uninstalling PyYAML-6.0.3:
      Successfully uninstalled PyYAML-6.0.3
  Attempting uninstall: packaging
    Found existing installation: packaging 26.2
    Uninstalling packaging-26.2:
      Successfully uninstalled packaging-26.2
  Attempting uninstall: numpy
    Found existing installation: numpy 1.26.4
    Uninstalling numpy-1.26.4:
      Successfully uninstalled numpy-1.26.4
  Attempting uninstall: idna
    Found existing installation: idna 3.18
    Uninstalling idna-3.18:
      Successfully uninstalled idna-3.18
  Attempting uninstall: hf-xet
    Found existing installation: hf-xet 1.6.0
    Uninstalling hf-xet-1.6.0:
      Successfully uninstalled hf-xet-1.6.0
  Attempting uninstall: fsspec
    Found existing installation: fsspec 2026.6.0
    Uninstalling fsspec-2026.6.0:
      Successfully uninstalled fsspec-2026.6.0
  Attempting uninstall: filelock
    Found existing installation: filelock 3.29.6
    Uninstalling filelock-3.29.6:
      Successfully uninstalled filelock-3.29.6
  Attempting uninstall: charset_normalizer
    Found existing installation: charset-normalizer 3.4.9
    Uninstalling charset-normalizer-3.4.9:
      Successfully uninstalled charset-normalizer-3.4.9
  Attempting uninstall: certifi
    Found existing installation: certifi 2026.6.17
    Uninstalling certifi-2026.6.17:
      Successfully uninstalled certifi-2026.6.17
  Attempting uninstall: requests
    Found existing installation: requests 2.34.2
    Uninstalling requests-2.34.2:
      Successfully uninstalled requests-2.34.2
  Attempting uninstall: huggingface-hub
    Found existing installation: huggingface_hub 0.36.2
    Uninstalling huggingface_hub-0.36.2:
      Successfully uninstalled huggingface_hub-0.36.2
  Attempting uninstall: tokenizers
    Found existing installation: tokenizers 0.22.2
    Uninstalling tokenizers-0.22.2:
      Successfully uninstalled tokenizers-0.22.2
ERROR: pip's dependency resolver does not currently take into account all the packages that are installed. This behaviour is the source of the following dependency conflicts.
numba 0.66.0 requires numpy<2.5,>=1.22, but you have numpy 2.5.2 which is incompatible.
datasets 5.0.1 requires fsspec[http]<=2026.6.0,>=2023.1.0, but you have fsspec 2026.7.0 which is incompatible.
optimum-neuron 0.4.3 requires numpy<=1.26.4,>=1.22.2, but you have numpy 2.5.2 which is incompatible.
Successfully installed certifi-2026.7.22 charset_normalizer-3.5.1 filelock-3.32.3 fsspec-2026.7.0 hf-xet-1.6.0 huggingface-hub-0.36.2 idna-3.19 numpy-2.5.2 packaging-26.3 pyyaml-6.0.3 regex-2026.7.19 requests-2.34.2 safetensors-0.8.0 tokenizers-0.22.2 tqdm-4.70.0 transformers-4.57.6 typing-extensions-4.16.0 urllib3-2.7.0
