[sft_lora] profile=trn2 (trn2.3xlarge) -- re-exec under torchrun (--nproc_per_node=4, one rank per logical NeuronCore)
[sft_lora] /opt/aws_neuronx_venv_pytorch_2_9/bin/python -m torch.distributed.run --nproc_per_node=4 /opt/np/repo/shared/train/sft_lora.py --tag quality_smoke_dataseed --device-profile trn2 --nproc-per-node 4 --tensor-parallel-size 4 --out /opt/np/repo/trn2/results/quality/quality_smoke_dataseed.json --model TinyLlama/TinyLlama-1.1B-Chat-v1.0 --holdout-frac 0.05 --max-steps 20 --data-seed 777

*****************************************
Setting OMP_NUM_THREADS environment variable for each process to be 1 in default, to avoid your system being overloaded, please further tune the variable for optimal performance in your application as needed. 
*****************************************
/opt/aws_neuronx_venv_pytorch_2_9/lib/python3.12/site-packages/neuronx_distributed/modules/moe/blockwise.py:100: DeprecationWarning: torch_neuronx.nki_jit is deprecated, use nki.jit instead.
  component, error = import_nki(config)
/opt/aws_neuronx_venv_pytorch_2_9/lib/python3.12/site-packages/neuronx_distributed/modules/moe/blockwise.py:100: DeprecationWarning: torch_neuronx.nki_jit is deprecated, use nki.jit instead.
  component, error = import_nki(config)
/opt/aws_neuronx_venv_pytorch_2_9/lib/python3.12/site-packages/neuronx_distributed/modules/moe/blockwise.py:100: DeprecationWarning: torch_neuronx.nki_jit is deprecated, use nki.jit instead.
  component, error = import_nki(config)
/opt/aws_neuronx_venv_pytorch_2_9/lib/python3.12/site-packages/neuronx_distributed/modules/moe/blockwise.py:102: UserWarning: Warning: Failed to import blockwise_mm_baseline_shard_hidden: No module named 'neuronxcc.nki._private.blockwise_mm'
  warnings.warn(f"Warning: {error}")
/opt/aws_neuronx_venv_pytorch_2_9/lib/python3.12/site-packages/neuronx_distributed/modules/moe/blockwise.py:102: UserWarning: Warning: Failed to import blockwise_mm_bwd: No module named 'neuronxcc.nki._private.blockwise_mm_bwd'
  warnings.warn(f"Warning: {error}")
/opt/aws_neuronx_venv_pytorch_2_9/lib/python3.12/site-packages/neuronx_distributed/modules/moe/blockwise.py:102: UserWarning: Warning: Failed to import blockwise_mm_baseline_shard_hidden: No module named 'neuronxcc.nki._private.blockwise_mm'
  warnings.warn(f"Warning: {error}")
/opt/aws_neuronx_venv_pytorch_2_9/lib/python3.12/site-packages/neuronx_distributed/modules/moe/blockwise.py:102: UserWarning: Warning: Failed to import blockwise_mm_bwd_baseline_shard_hidden: No module named 'neuronxcc.nki._private.blockwise_mm_bwd'
  warnings.warn(f"Warning: {error}")
/opt/aws_neuronx_venv_pytorch_2_9/lib/python3.12/site-packages/neuronx_distributed/modules/moe/blockwise.py:102: UserWarning: Warning: Failed to import blockwise_mm_bwd: No module named 'neuronxcc.nki._private.blockwise_mm_bwd'
  warnings.warn(f"Warning: {error}")
/opt/aws_neuronx_venv_pytorch_2_9/lib/python3.12/site-packages/neuronx_distributed/modules/moe/blockwise.py:102: UserWarning: Warning: Failed to import blockwise_mm_bwd_baseline_shard_hidden: No module named 'neuronxcc.nki._private.blockwise_mm_bwd'
  warnings.warn(f"Warning: {error}")
/opt/aws_neuronx_venv_pytorch_2_9/lib/python3.12/site-packages/neuronx_distributed/modules/moe/blockwise.py:100: DeprecationWarning: torch_neuronx.nki_jit is deprecated, use nki.jit instead.
  component, error = import_nki(config)
/opt/aws_neuronx_venv_pytorch_2_9/lib/python3.12/site-packages/neuronx_distributed/modules/moe/blockwise.py:102: UserWarning: Warning: Failed to import blockwise_mm_baseline_shard_hidden: No module named 'neuronxcc.nki._private.blockwise_mm'
  warnings.warn(f"Warning: {error}")
/opt/aws_neuronx_venv_pytorch_2_9/lib/python3.12/site-packages/neuronx_distributed/modules/moe/blockwise.py:102: UserWarning: Warning: Failed to import blockwise_mm_bwd: No module named 'neuronxcc.nki._private.blockwise_mm_bwd'
  warnings.warn(f"Warning: {error}")
/opt/aws_neuronx_venv_pytorch_2_9/lib/python3.12/site-packages/neuronx_distributed/modules/moe/blockwise.py:102: UserWarning: Warning: Failed to import blockwise_mm_bwd_baseline_shard_hidden: No module named 'neuronxcc.nki._private.blockwise_mm_bwd'
  warnings.warn(f"Warning: {error}")
/opt/aws_neuronx_venv_pytorch_2_9/lib/python3.12/site-packages/neuronx_distributed/modules/moe/blockwise.py:102: UserWarning: Warning: Failed to import blockwise_mm_baseline_shard_hidden: No module named 'neuronxcc.nki._private.blockwise_mm'
  warnings.warn(f"Warning: {error}")
/opt/aws_neuronx_venv_pytorch_2_9/lib/python3.12/site-packages/neuronx_distributed/modules/moe/blockwise.py:102: UserWarning: Warning: Failed to import blockwise_mm_bwd: No module named 'neuronxcc.nki._private.blockwise_mm_bwd'
  warnings.warn(f"Warning: {error}")
/opt/aws_neuronx_venv_pytorch_2_9/lib/python3.12/site-packages/neuronx_distributed/modules/moe/blockwise.py:102: UserWarning: Warning: Failed to import blockwise_mm_bwd_baseline_shard_hidden: No module named 'neuronxcc.nki._private.blockwise_mm_bwd'
  warnings.warn(f"Warning: {error}")
Traceback (most recent call last):
  File "/opt/np/repo/shared/train/sft_lora.py", line 1684, in <module>
Traceback (most recent call last):
  File "/opt/np/repo/shared/train/sft_lora.py", line 1684, in <module>
    sys.exit(main())
             ^^^^^^
  File "/opt/np/repo/shared/train/sft_lora.py", line 867, in main
    sys.exit(main())
    return run(args, cache_dir, profile)
              ^ ^ ^ ^ ^ ^ 
    ^  File "/opt/np/repo/shared/train/sft_lora.py", line 867, in main
^^^^^^^^^^^^^^^^^^^^^^^^^^^^
  File "/opt/np/repo/shared/train/sft_lora.py", line 900, in run
    return run(args, cache_dir, profile)
    training_args = NeuronTrainingArguments(
                      ^ ^ ^ ^ ^ ^ ^ ^ ^ ^^^^^^^^^^^^^^^^^^^^^^^^^^^^^^^^^^^^^^^^
^^^^
  File "/opt/np/repo/shared/train/sft_lora.py", line 900, in run
TypeError: NeuronTrainingArguments.__init__() got an unexpected keyword argument 'data_seed'
    training_args = NeuronTrainingArguments(
                    ^^^^^^^^^^^^^^^^^^^^^^^^
TypeError: NeuronTrainingArguments.__init__() got an unexpected keyword argument 'data_seed'
Traceback (most recent call last):
  File "/opt/np/repo/shared/train/sft_lora.py", line 1684, in <module>
    sys.exit(main())
             ^^^^^^
  File "/opt/np/repo/shared/train/sft_lora.py", line 867, in main
    return run(args, cache_dir, profile)
           ^^^^^^^^^^^^^^^^^^^^^^^^^^^^^
  File "/opt/np/repo/shared/train/sft_lora.py", line 900, in run
    training_args = NeuronTrainingArguments(
                    ^^^^^^^^^^^^^^^^^^^^^^^^
TypeError: NeuronTrainingArguments.__init__() got an unexpected keyword argument 'data_seed'
Traceback (most recent call last):
  File "/opt/np/repo/shared/train/sft_lora.py", line 1684, in <module>
    sys.exit(main())
             ^^^^^^
  File "/opt/np/repo/shared/train/sft_lora.py", line 867, in main
    return run(args, cache_dir, profile)
           ^^^^^^^^^^^^^^^^^^^^^^^^^^^^^
  File "/opt/np/repo/shared/train/sft_lora.py", line 900, in run
    training_args = NeuronTrainingArguments(
                    ^^^^^^^^^^^^^^^^^^^^^^^^
TypeError: NeuronTrainingArguments.__init__() got an unexpected keyword argument 'data_seed'
E0806 00:35:07.415000 24770 torch/distributed/elastic/multiprocessing/api.py:882] failed (exitcode: 1) local_rank: 0 (pid: 24798) of binary: /opt/aws_neuronx_venv_pytorch_2_9/bin/python
Traceback (most recent call last):
  File "<frozen runpy>", line 198, in _run_module_as_main
  File "<frozen runpy>", line 88, in _run_code
  File "/opt/aws_neuronx_venv_pytorch_2_9/lib/python3.12/site-packages/torch/distributed/run.py", line 940, in <module>
    main()
  File "/opt/aws_neuronx_venv_pytorch_2_9/lib/python3.12/site-packages/torch/distributed/elastic/multiprocessing/errors/__init__.py", line 357, in wrapper
    return f(*args, **kwargs)
           ^^^^^^^^^^^^^^^^^^
  File "/opt/aws_neuronx_venv_pytorch_2_9/lib/python3.12/site-packages/torch/distributed/run.py", line 936, in main
    run(args)
  File "/opt/aws_neuronx_venv_pytorch_2_9/lib/python3.12/site-packages/torch/distributed/run.py", line 927, in run
    elastic_launch(
  File "/opt/aws_neuronx_venv_pytorch_2_9/lib/python3.12/site-packages/torch/distributed/launcher/api.py", line 156, in __call__
    return launch_agent(self._config, self._entrypoint, list(args))
           ^^^^^^^^^^^^^^^^^^^^^^^^^^^^^^^^^^^^^^^^^^^^^^^^^^^^^^^^
  File "/opt/aws_neuronx_venv_pytorch_2_9/lib/python3.12/site-packages/torch/distributed/launcher/api.py", line 293, in launch_agent
    raise ChildFailedError(
torch.distributed.elastic.multiprocessing.errors.ChildFailedError: 
============================================================
/opt/np/repo/shared/train/sft_lora.py FAILED
------------------------------------------------------------
Failures:
[1]:
  time      : 2026-08-06_00:35:07
  host      : ip-172-31-19-29.sa-east-1.compute.internal
  rank      : 1 (local_rank: 1)
  exitcode  : 1 (pid: 24799)
  error_file: <N/A>
  traceback : To enable traceback see: https://pytorch.org/docs/stable/elastic/errors.html
[2]:
  time      : 2026-08-06_00:35:07
  host      : ip-172-31-19-29.sa-east-1.compute.internal
  rank      : 2 (local_rank: 2)
  exitcode  : 1 (pid: 24800)
  error_file: <N/A>
  traceback : To enable traceback see: https://pytorch.org/docs/stable/elastic/errors.html
[3]:
  time      : 2026-08-06_00:35:07
  host      : ip-172-31-19-29.sa-east-1.compute.internal
  rank      : 3 (local_rank: 3)
  exitcode  : 1 (pid: 24801)
  error_file: <N/A>
  traceback : To enable traceback see: https://pytorch.org/docs/stable/elastic/errors.html
------------------------------------------------------------
Root Cause (first observed failure):
[0]:
  time      : 2026-08-06_00:35:07
  host      : ip-172-31-19-29.sa-east-1.compute.internal
  rank      : 0 (local_rank: 0)
  exitcode  : 1 (pid: 24798)
  error_file: <N/A>
  traceback : To enable traceback see: https://pytorch.org/docs/stable/elastic/errors.html
============================================================
